error: 'cargo' requires a subcommand, but one was not provided

USAGE:
    cargo <SUBCOMMAND>

For more information try --help
